
ASEM-51 V1.3                                         Copyright (c) 2002 by W.W. Heinz                                         PAGE 1





       MCS-51 Family Macro Assembler   A S E M - 5 1   V 1.3
       =====================================================



	Source File:	..\..\..\..\TrafficLight\traflight.asm
	Object File:	..\..\..\..\TrafficLight\traflight.hex
	List File:	..\..\..\..\TrafficLight\traflight.lst



 Line  I  Addr  Code            Source

    1:				;;------------------------
    2:				;;TrafLight v1.5
    3:				;;by SN icetiny@gmail.com
    4:				;;2011-6-10
    5:				;;完成键盘基本功能
    6:				;;------------------------
    7:				;;R0	 R1			  R2			  R3 			R6		  R7
					  R5			 R4
    8:				;;灯状态 临时使用 2红灯倒计时	  1绿灯倒计时    秒状态数码	 分状态	  空	 屏状态（0开1选段2调
				路口A时间3调路口B时间）
    9:				;;------------------------
   10:				;;30H   31H      32H-35H	   36H            37H			38H		 39H
							 3AH         3BH     3CH			位7F	   3DH
										3EH
   11:				;;红灯A 红灯B	灯状态地址 减一用  当前小时状态码  LED显示寄存器 数码管地址高八位	 屏段(HEX码)
				 屏绿灯 屏红灯（BCD码）	选位标志   BCDINC和BCDDEC子程序的操作位	   闪烁关灯程序数据传递位
   12:				;;------------------------
   13:				;;50H-7FH			  40H 41H				  位7E
   14:				;;用户定义灯状态	  delay10中用到的变量  区分一秒中的上下半秒
   15:				;;------------------------
   16:				;;键盘
   17:				;; 1        2       3          4  5
   18:				;;on/off   ok/next	<>选位	   +  -
   19:				;;------------------------
   20:
   21:		N      0000			ORG 0000H
   22:	  0000	01 30				AJMP MAIN
   23:				;----------------INTERRUPT VECTORS--------------------------
   24:		N      0003			ORG 0003H ;外部中断0
   25:	  0003	02 01 89			LJMP INT_EX0
   26:		N      000B			ORG 000BH
   27:	  000B	02 00 96			LJMP INT_TO
   28:		N      0013			ORG 0013H ;外部中断1
   29:	  0013	02 01 C7			LJMP INT_EX1
   30:		N      001B			ORG 001BH
   31:	  001B	02 00 A7			LJMP INT_C1
   32:				;------------DEFINE CONSTANT VALUE--------------------------
   33:		N      00F8			LDD1 EQU 0f8H ;数码管地址
   34:		N      00F9			LDD2 EQU 0f9H
   35:		N      00FA			LDD3 EQU 0faH
   36:		N      00FB			LDD4 EQU 0fbH
   37:		N      00FC			LDD5 EQU 0fcH
   38:		N      00FD			LDD6 EQU 0fdH

ASEM-51 V1.3                                         Copyright (c) 2002 by W.W. Heinz                                         PAGE 2



 Line  I  Addr  Code            Source

   39:		N      00FE			LED  EQU 0feH ;灯地址
   40:		N      000C			G_R1 EQU 1100B
   41:		N      000A			Y_R2 EQU 1010B
   42:		N      0021			R_G3 EQU 100001B
   43:		N      0011			R_Y4 EQU 10001B
   44:		N      0004			SECS_PER_MIN EQU 4  ;每分中的秒数，调试用
   45:		N      0005			MINS_PER_HOUR EQU 5 ;每小时中的分数，调试用


   46:				;-----------------------------------------------------------
   47:				;;--------------MAIN PROGRAM BEGIN---------------------------
   48:		N      0030			ORG 0030H
   49:	  0030			MAIN:
   50:	  0030	75 81 10			MOV SP,#10H
   51:	  0033	75 90 0F			MOV P1,#0FH
   52:	  0036	75 32 0C			MOV 32H,#G_R1
   53:	  0039	75 33 0A			MOV 33H,#Y_R2
   54:	  003C	75 34 21			MOV 34H,#R_G3
   55:	  003F	75 35 11			MOV 35H,#R_Y4
   56:	  0042	75 89 61			MOV TMOD,#61H	;初始化计时器 定时器0方式1 计数器1方式2
   57:	  0045	75 8C E7			MOV TH0,#0E7H
   58:	  0048	75 8A 09			MOV TL0,#09H	;2^16-6400 = 59136 = E700, e700+7=E707,12*2*72*6400=11.0592MHz，取得
				较小是为了照顾WDT看门狗
   59:	  004B	75 8D DC			MOV TH1,#0DCH
   60:	  004E	75 8B DC			MOV TL1,#0DCH	;36. 0.5S ;
   61:	  0051	7E 04				MOV R6,#SECS_PER_MIN ;每分中的秒数，调试用
   62:	  0053	7F 05				MOV R7,#MINS_PER_HOUR ;每小时中的分数，调试用
   63:	  0055	75 37 08			MOV 37H,#8		;初始化当前时间（小时状态）
   64:						;MOV 7EH,#03H	;测试RAM中红绿灯时间表用
   65:						;MOV 7FH,#00H
   66:	  0058	12 03 DA			LCALL GET_LIGHT_TIME ;获取倒计时时间存入 30H,31H
   67:	  005B	78 32				MOV R0,#32H	;R0记录信号灯寄存器状态
   68:	  005D	AA 30				MOV R2,30H
   69:	  005F	AB 30				MOV R3,30H
   70:	  0061	8B 36				MOV 36H,R3
   71:	  0063	12 04 6C			LCALL SUBBCD
   72:	  0066	12 04 6C			LCALL SUBBCD
   73:	  0069	12 04 6C			LCALL SUBBCD
   74:	  006C	AB 36				MOV R3,36H
   75:	  006E	12 04 1D			LCALL CHANGE_LIGHT	;开信号灯
   76:	  0071	8B 38				MOV 38H,R3	   ;送显示，开数码管
   77:	  0073	75 39 F9			MOV 39H,#LDD2
   78:	  0076	12 04 2B			LCALL DISPLAY_NUMBER
   79:	  0079	8A 38				MOV 38H,R2
   80:	  007B	75 39 FB			MOV 39H,#LDD4
   81:	  007E	12 04 2B			LCALL DISPLAY_NUMBER
   82:						;中断优先级处理
   83:	  0081	75 B8 0A			MOV IP,#00001010B	 ;优先级依次为 t0 t1 x0 x1
   84:	  0084	75 A8 8F			MOV IE,#10001111B	 ; EA | - | ET2 | ES | ET1 | EX1 | ET0 | EX0
   85:											 ; 1	0	 0	   0	1	  1
						1	  1
   86:	  0087	75 88 05			MOV TCON,#05H		 ;IT0=1 IT1=1
   87:	  008A	D2 8C				SETB TR0			 ;开定时器
   88:	  008C	D2 8E				SETB TR1
   89:	  008E	75 A6 1E			MOV 0A6H,#01EH ;激活看门狗
   90:	  0091	75 A6 E1			MOV 0A6H,#0E1H

ASEM-51 V1.3                                         Copyright (c) 2002 by W.W. Heinz                                         PAGE 3



 Line  I  Addr  Code            Source

   91:						;初始化完毕，开始计时
   92:	  0094	80 FE				SJMP $
   93:				;;-------------- END OF MAIN -----------------
   94:	  0096			INT_TO:								;计时器0中断处理程序
   95:	  0096	00				nop
   96:	  0097	00				nop
   97:	  0098	75 8C E7			MOV TH0,#0E7H
   98:	  009B	75 8A 08			MOV TL0,#08H
   99:	  009E	75 A6 1E			MOV 0A6H,#01EH 				;清零看门狗
  100:	  00A1	75 A6 E1			MOV 0A6H,#0E1H
  101:	  00A4	B2 B5				CPL P3.5
  102:	  00A6	32				RETI
  103:
  104:	  00A7			INT_C1:								;计数器1中断处理程序
  105:	  00A7	C0 E0				PUSH ACC
  106:	  00A9	B2 7E				CPL 7EH
  107:	  00AB	20 7E 1E			JB 7EH,INT_C1_NORMAL
  108:	  00AE			INT_C1_BLINK:
  109:	  00AE	EC				MOV A,R4
  110:	  00AF	60 18				JZ INT_C1_BLINK_EXIT
  111:	  00B1	EC				MOV A,R4
  112:	  00B2	C3				CLR C
  113:	  00B3	94 02				SUBB A,#2
  114:	  00B5	10 D7 11			JBC CY,INT_C1_BLINK_EXIT
  115:	  00B8	70 09				JNZ INT_C1_BLINK_RED
  116:	  00BA	85 3B 3E			MOV 3EH,3BH
  117:	  00BD	12 03 B1			LCALL CLOSEDIG
  118:	  00C0	02 01 86			LJMP INT_C1_EXIT1
  119:	  00C3			INT_C1_BLINK_RED:
  120:	  00C3	85 3C 3E			MOV 3EH,3CH
  121:	  00C6	12 03 B1			LCALL CLOSEDIG
  122:	  00C9			INT_C1_BLINK_EXIT:
  123:	  00C9	02 01 86			LJMP INT_C1_EXIT1
  124:	  00CC			INT_C1_NORMAL:
  125:	  00CC	EC				MOV A,R4
  126:	  00CD	60 1E				JZ INT_C1_NORMAL1
  127:	  00CF	EC				MOV A,R4
  128:	  00D0	C3				CLR C
  129:	  00D1	94 02				SUBB A,#2
  130:	  00D3	10 D7 17			JBC CY,INT_C1_NORMAL1
  131:	  00D6	70 0C				JNZ INT_C1_UNBLINK_RED
  132:	  00D8	85 3B 38			MOV 38H,3BH
  133:	  00DB	75 39 FD			MOV 39H,#LDD6
  134:	  00DE	12 04 2B			LCALL DISPLAY_NUMBER
  135:	  00E1	02 00 ED			LJMP INT_C1_NORMAL1
  136:	  00E4			INT_C1_UNBLINK_RED:
  137:	  00E4	85 3C 38			MOV 38H,3CH
  138:	  00E7	75 39 FD			MOV 39H,#LDD6
  139:	  00EA	12 04 2B			LCALL DISPLAY_NUMBER
  140:	  00ED	8B 36		INT_C1_NORMAL1:		MOV 36H,R3
  141:	  00EF	12 04 6C			LCALL SUBBCD
  142:	  00F2	AB 36				MOV R3,36H
  143:	  00F4	8A 36				MOV 36H,R2
  144:	  00F6	12 04 6C			LCALL SUBBCD
  145:	  00F9	AA 36				MOV R2,36H
  146:	  00FB	BA F9 3F			CJNE R2,#0F9H,INT_C1_NEXT2

ASEM-51 V1.3                                         Copyright (c) 2002 by W.W. Heinz                                         PAGE 4



 Line  I  Addr  Code            Source

  147:	  00FE	08				INC R0
  148:	  00FF	B8 36 18			CJNE R0,#36H,INT_C1_NEXT0
  149:	  0102	78 32				MOV R0,#32H
  150:	  0104	12 04 1D			LCALL CHANGE_LIGHT
  151:	  0107	AA 30				MOV R2,30H
  152:	  0109	AB 30				MOV R3,30H	   ;绿灯时间比红灯时间短3秒
  153:	  010B	8B 36				MOV 36H,R3
  154:	  010D	12 04 6C			LCALL SUBBCD
  155:	  0110	12 04 6C			LCALL SUBBCD
  156:	  0113	12 04 6C			LCALL SUBBCD
  157:	  0116	AB 36				MOV R3,36H
  158:	  0118	80 2C				SJMP INT_C1_EXIT
  159:	  011A			INT_C1_NEXT0:
  160:	  011A	B8 34 16			CJNE R0,#34H,INT_C1_NEXT1
  161:	  011D	12 04 1D			LCALL CHANGE_LIGHT
  162:	  0120	AA 31				MOV R2,31H
  163:	  0122	AB 31				MOV R3,31H	   ;绿灯时间比红灯时间短3秒
  164:	  0124	8B 36				MOV 36H,R3
  165:	  0126	12 04 6C			LCALL SUBBCD
  166:	  0129	12 04 6C			LCALL SUBBCD
  167:	  012C	12 04 6C			LCALL SUBBCD
  168:	  012F	AB 36				MOV R3,36H
  169:	  0131	80 13				SJMP INT_C1_EXIT
  170:	  0133			INT_C1_NEXT1:
  171:	  0133	B8 35 07			CJNE R0,#35H,INT_C1_NEXT2
  172:	  0136	12 04 1D			LCALL CHANGE_LIGHT
  173:	  0139	EB				MOV A,R3
  174:	  013A	CA				XCH A,R2
  175:	  013B	80 09				SJMP INT_C1_EXIT
  176:	  013D			INT_C1_NEXT2:
  177:	  013D	BB F9 06			CJNE R3,#0F9H,INT_C1_EXIT
  178:	  0140	08				INC R0
  179:	  0141	12 04 1D			LCALL CHANGE_LIGHT
  180:	  0144	EA				MOV A,R2
  181:	  0145	CB				XCH A,R3
  182:	  0146			INT_C1_EXIT:
  183:	  0146	E8				MOV A,R0
  184:	  0147	C2 D7				CLR CY
  185:	  0149	94 33				SUBB A,#33H
  186:	  014B	30 D7 13			JNB CY,INT_C1_REVERSEDISPLAY
  187:	  014E	8B 38				MOV 38H,R3	   ;送显示
  188:	  0150	75 39 F9			MOV 39H,#LDD2
  189:	  0153	12 04 2B			LCALL DISPLAY_NUMBER
  190:	  0156	8A 38				MOV 38H,R2
  191:	  0158	75 39 FB			MOV 39H,#LDD4
  192:	  015B	12 04 2B			LCALL DISPLAY_NUMBER
  193:	  015E	02 01 71			LJMP INT_C1_EXIT00
  194:	  0161			INT_C1_REVERSEDISPLAY:	;调换显示的内容（原来显示红灯倒计时，现在则显示绿灯倒计时）
  195:	  0161	8A 38				MOV 38H,R2
  196:	  0163	75 39 F9			MOV 39H,#LDD2
  197:	  0166	12 04 2B			LCALL DISPLAY_NUMBER
  198:	  0169	8B 38				MOV 38H,R3
  199:	  016B	75 39 FB			MOV 39H,#LDD4
  200:	  016E	12 04 2B			LCALL DISPLAY_NUMBER
  201:	  0171			INT_C1_EXIT00:
  202:	  0171	DE 13				DJNZ R6,INT_C1_EXIT1

ASEM-51 V1.3                                         Copyright (c) 2002 by W.W. Heinz                                         PAGE 5



 Line  I  Addr  Code            Source

  203:	  0173	7E 04				MOV R6,#SECS_PER_MIN
  204:	  0175	DF 0F				DJNZ R7,INT_C1_EXIT1
  205:	  0177	7F 05				MOV R7,#MINS_PER_HOUR
  206:	  0179	05 37				INC 37H
  207:	  017B	E5 37				MOV A,37H
  208:	  017D	B4 18 03			CJNE A,#24,INT_C1_EXIT0
  209:	  0180	75 37 00			MOV 37H,#0
  210:	  0183			INT_C1_EXIT0:
  211:	  0183	12 03 DA			LCALL GET_LIGHT_TIME
  212:	  0186			INT_C1_EXIT1:
  213:	  0186	D0 E0				POP ACC
  214:	  0188	32				RETI
  215:				;-------------地感线圈中断处理----------------
  216:	  0189			INT_EX0:
  217:	  0189	C0 E0				PUSH ACC
  218:	  018B	E5 90				MOV A,P1
  219:	  018D	B8 32 03						CJNE R0,#32H,INT_EX0_NEXT1
  220:	  0190	02 01 AF						LJMP INT_EX0_SHOOT2
  221:	  0193	B8 33 03	INT_EX0_NEXT1:		CJNE R0,#33H,INT_EX0_NEXT2
  222:	  0196	02 01 AF						LJMP INT_EX0_SHOOT2
  223:	  0199	B8 34 03	INT_EX0_NEXT2:		CJNE R0,#34H,INT_EX0_NEXT3
  224:	  019C	02 01 A2						LJMP INT_EX0_SHOOT1
  225:	  019F	B8 35 17	INT_EX0_NEXT3:		CJNE R0,#35H,INT_EX0_EXIT
  226:	  01A2	20 E0 02	INT_EX0_SHOOT1:		JB ACC.0,INT_EX0_SHOOT11
  227:	  01A5	D2 94							SETB P1.4
  228:	  01A7			INT_EX0_SHOOT11:
  229:	  01A7	20 E1 0F						JB ACC.1,INT_EX0_EXIT
  230:	  01AA	D2 95							SETB P1.5
  231:	  01AC	02 01 B9						LJMP INT_EX0_EXIT
  232:	  01AF	20 E2 02	INT_EX0_SHOOT2:		JB ACC.2,INT_EX0_SHOOT22
  233:	  01B2	D2 96							SETB P1.6
  234:	  01B4			INT_EX0_SHOOT22:
  235:	  01B4	20 E3 02						JB ACC.3,INT_EX0_EXIT
  236:	  01B7	D2 97							SETB P1.7
  237:	  01B9			INT_EX0_EXIT:
  238:	  01B9	74 1E				MOV A,#30
  239:	  01BB			INT_EX0_EXIT0:
  240:	  01BB	12 04 86			LCALL DELAY10
  241:	  01BE	D5 E0 FA			DJNZ ACC,INT_EX0_EXIT0
  242:	  01C1			INT_EX0_EXIT1:
  243:	  01C1	75 90 0F			MOV P1,#0FH
  244:	  01C4	D0 E0				POP ACC
  245:	  01C6	32				RETI
  246:				;-------------按键中断处理程序----------------
  247:	  01C7			INT_EX1:							;外部中断1处理，键盘
  248:	  01C7	C0 D0				PUSH PSW
  249:	  01C9	C0 E0				PUSH ACC
  250:	  01CB	E5 A0				MOV A,P2   ;判断是否有键按下
  251:	  01CD	54 F8				ANL A,#0F8H
  252:	  01CF	64 F8				XRL A,#0F8H
  253:	  01D1	60 29				JZ INT_EX1_EXIT
  254:	  01D3	12 04 86			LCALL DELAY10
  255:	  01D6	E5 A0				MOV A,P2   ;再次判断是否有键按下,消除前沿抖动
  256:	  01D8	54 F8				ANL A,#0F8H
  257:	  01DA	64 F8				XRL A,#0F8H
  258:	  01DC	60 1E				JZ INT_EX1_EXIT

ASEM-51 V1.3                                         Copyright (c) 2002 by W.W. Heinz                                         PAGE 6



 Line  I  Addr  Code            Source

  259:	  01DE	20 E3 0C			JB ACC.3,KEY01
  260:	  01E1	20 E4 0C			JB ACC.4,KEY02
  261:	  01E4	20 E5 0C			JB ACC.5,KEY03
  262:	  01E7	20 E6 0C			JB ACC.6,KEY04
  263:	  01EA	20 E7 0C			JB ACC.7,KEY05
  264:	  01ED	02 02 0E			KEY01:LJMP KEY1
  265:	  01F0	02 02 3C			KEY02:LJMP KEY2
  266:	  01F3	02 02 B4			KEY03:LJMP KEY3
  267:	  01F6	02 02 B9			KEY04:LJMP KEY4
  268:	  01F9	02 03 0A			KEY05:LJMP KEY5
  269:	  01FC			INT_EX1_EXIT:
  270:	  01FC	E5 A0				MOV A,P2   ;判断是否有键按下，消除后沿抖动
  271:	  01FE	54 F8				ANL A,#0F8H
  272:	  0200	64 F8				XRL A,#0F8H
  273:	  0202	60 05				JZ INT_EX1_EXIT_1
  274:	  0204	12 04 97			LCALL DELAY4ms5
  275:	  0207	80 F3				SJMP INT_EX1_EXIT
  276:	  0209			INT_EX1_EXIT_1:
  277:	  0209	D0 E0				POP ACC
  278:	  020B	D0 D0				POP PSW
  279:	  020D	32				RETI
  280:
  281:	  020E			KEY1: ;开关键
  282:	  020E	BC 00 14			CJNE R4,#00,KEY1_NEXT1
  283:	  0211	7C 01				MOV R4,#1		 ;开启屏
  284:	  0213	85 37 3A			MOV 3AH,37H
  285:	  0216	85 3A 38			MOV 38H,3AH
  286:	  0219	12 03 CA			LCALL HEX2BCD
  287:	  021C	75 39 FD			MOV 39H,#LDD6
  288:	  021F	12 04 2B			LCALL DISPLAY_NUMBER
  289:	  0222	02 01 FC			LJMP INT_EX1_EXIT
  290:	  0225			KEY1_NEXT1:
  291:	  0225	7C 00				MOV R4,#0		 ;关闭屏
  292:	  0227	75 3A 00			MOV 3AH,#0
  293:	  022A	75 3B 00			MOV 3BH,#0
  294:	  022D	75 3C 00			MOV 3CH,#0
  295:	  0230	75 38 FF			MOV 38H,#0FFH
  296:	  0233	75 39 FD			MOV 39H,#LDD6
  297:	  0236	12 04 2B			LCALL DISPLAY_NUMBER
  298:	  0239	02 01 FC			LJMP INT_EX1_EXIT
  299:
  300:	  023C			KEY2:	;确认键，OK键
  301:	  023C	EC				MOV A,R4
  302:	  023D	F9				MOV R1,A
  303:	  023E	B9 00 03			CJNE R1,#0,KEY2_R01
  304:	  0241	02 01 FC	 		LJMP INT_EX1_EXIT
  305:	  0244	D9 03		KEY2_R01:		DJNZ R1,KEY2_R02
  306:	  0246	02 02 53					LJMP KEY2_R1
  307:	  0249	D9 03		KEY2_R02:		DJNZ R1,KEY2_R03
  308:	  024B	02 02 60					LJMP KEY2_R2
  309:	  024E	D9 AC		KEY2_R03:		DJNZ R1,INT_EX1_EXIT
  310:	  0250	02 02 6D					LJMP KEY2_R3
  311:	  0253			KEY2_R1:
  312:	  0253	0C				INC R4
  313:	  0254	85 3B 38			MOV 38H,3BH
  314:	  0257	75 39 FD			MOV 39H,#LDD6

ASEM-51 V1.3                                         Copyright (c) 2002 by W.W. Heinz                                         PAGE 7



 Line  I  Addr  Code            Source

  315:	  025A	12 04 2B			LCALL DISPLAY_NUMBER
  316:	  025D	02 01 FC			LJMP INT_EX1_EXIT
  317:	  0260			KEY2_R2:
  318:	  0260	0C				INC R4
  319:	  0261	85 3C 38			MOV 38H,3CH
  320:	  0264	75 39 FD			MOV 39H,#LDD6
  321:	  0267	12 04 2B			LCALL DISPLAY_NUMBER
  322:	  026A	02 01 FC			LJMP INT_EX1_EXIT
  323:	  026D			KEY2_R3:
  324:	  026D	7C 01				MOV R4,#1
  325:	  026F	85 3A 38			MOV 38H,3AH
  326:	  0272	12 03 CA			LCALL HEX2BCD
  327:	  0275	75 39 FD			MOV 39H,#LDD6
  328:	  0278	12 04 2B			LCALL DISPLAY_NUMBER
  329:	  027B	E5 3A				MOV A,3AH
  330:	  027D	23				RL A
  331:	  027E	24 50				ADD A,#50H
  332:	  0280	C9				XCH A,R1
  333:	  0281	E5 3B				MOV A,3BH
  334:	  0283	C2 D7				CLR CY
  335:	  0285	94 03				SUBB A,#3
  336:	  0287	30 D7 03			JNB CY, KEY2_R3_NEXT1
  337:	  028A	75 3B 00			MOV 3BH,#00H
  338:	  028D			KEY2_R3_NEXT1:
  339:	  028D	A7 3B				MOV @R1,3BH
  340:	  028F	09				INC R1
  341:	  0290	E5 3C				MOV A,3CH
  342:	  0292	C2 D7				CLR CY
  343:	  0294	94 03				SUBB A,#3
  344:	  0296	30 D7 03			JNB CY, KEY2_R3_NEXT2
  345:	  0299	75 3C 00			MOV 3CH,#00H
  346:	  029C			KEY2_R3_NEXT2:
  347:	  029C	A7 3C				MOV @R1,3CH
  348:	  029E	75 3B 00			MOV 3BH,#00H
  349:	  02A1	75 3C 00			MOV 3CH,#00H
  350:	  02A4	A9 3A				MOV R1,3AH	 ;如果更改的为当前时间段，则立即调用GET_LIGHT_TIME重载倒计时时间
  351:	  02A6	E5 37				MOV A,37H
  352:	  02A8	C2 D7				CLR CY
  353:	  02AA	99				SUBB A,R1
  354:	  02AB	B4 00 03			CJNE A,#00H,KEY2_R3_EXIT
  355:	  02AE	12 03 DA			LCALL GET_LIGHT_TIME
  356:	  02B1			KEY2_R3_EXIT:
  357:	  02B1	02 01 FC			LJMP INT_EX1_EXIT
  358:
  359:	  02B4	B2 7F		KEY3:	CPL 7FH						;选位数
  360:	  02B6	02 01 FC			LJMP INT_EX1_EXIT
  361:
  362:	  02B9			KEY4:			         ;加一
  363:	  02B9	EC				MOV A,R4
  364:	  02BA	F9				MOV R1,A
  365:	  02BB	B9 00 03			CJNE R1,#0,KEY4_R01
  366:	  02BE	02 01 FC	 		LJMP INT_EX1_EXIT
  367:	  02C1	D9 19		KEY4_R01:		DJNZ R1,KEY4_R02
  368:	  02C3	05 3A						INC 3AH
  369:	  02C5	E5 3A						MOV A,3AH
  370:	  02C7	B4 18 03					CJNE A,#24,KEY4_R01_next

ASEM-51 V1.3                                         Copyright (c) 2002 by W.W. Heinz                                         PAGE 8



 Line  I  Addr  Code            Source

  371:	  02CA	75 3A 00					MOV 3AH,#0
  372:	  02CD	85 3A 38	KEY4_R01_next:	MOV 38H,3AH
  373:	  02D0	12 03 CA					LCALL HEX2BCD
  374:	  02D3	75 39 FD					MOV 39H,#LDD6
  375:	  02D6	12 04 2B					LCALL DISPLAY_NUMBER
  376:	  02D9	02 01 FC					LJMP INT_EX1_EXIT
  377:	  02DC	D9 15		KEY4_R02:		DJNZ R1,KEY4_R03
  378:	  02DE	85 3B 3D					MOV 3DH,3BH
  379:	  02E1	12 03 5B					LCALL BCDINC
  380:	  02E4	85 3D 3B					MOV 3BH,3DH
  381:	  02E7	85 3B 38					MOV 38H,3BH
  382:	  02EA	75 39 FD					MOV 39H,#LDD6
  383:	  02ED	12 04 2B					LCALL DISPLAY_NUMBER
  384:	  02F0	02 01 FC					LJMP INT_EX1_EXIT
  385:	  02F3	D9 12		KEY4_R03:		DJNZ R1,KEY4_EXIT
  386:	  02F5	85 3C 3D					MOV 3DH,3CH
  387:	  02F8	12 03 5B					LCALL BCDINC
  388:	  02FB	85 3D 3C					MOV 3CH,3DH
  389:	  02FE	85 3C 38					MOV 38H,3CH
  390:	  0301	75 39 FD					MOV 39H,#LDD6
  391:	  0304	12 04 2B					LCALL DISPLAY_NUMBER
  392:	  0307	02 01 FC	KEY4_EXIT:		LJMP INT_EX1_EXIT
  393:
  394:	  030A	EC		KEY5: 			MOV A,R4		;减一
  395:	  030B	F9						MOV R1,A
  396:	  030C	B9 00 03					CJNE R1,#0,KEY5_R01
  397:	  030F	02 01 FC	 				LJMP INT_EX1_EXIT
  398:	  0312	D9 19		KEY5_R01:		DJNZ R1,KEY5_R02
  399:	  0314	E5 3A						MOV A,3AH
  400:	  0316	B4 00 03					CJNE A,#0,KEY5_R01_next
  401:	  0319	75 3A 18					MOV 3AH,#24
  402:	  031C	15 3A		KEY5_R01_next:	DEC 3AH
  403:	  031E	85 3A 38					MOV 38H,3AH
  404:	  0321	12 03 CA					LCALL HEX2BCD
  405:	  0324	75 39 FD					MOV 39H,#LDD6
  406:	  0327	12 04 2B					LCALL DISPLAY_NUMBER
  407:	  032A	02 01 FC					LJMP INT_EX1_EXIT
  408:	  032D	D9 15		KEY5_R02:		DJNZ R1,KEY5_R03
  409:	  032F	85 3B 3D					MOV 3DH,3BH
  410:	  0332	12 03 86					LCALL BCDDEC
  411:	  0335	85 3D 3B					MOV 3BH,3DH
  412:	  0338	85 3B 38					MOV 38H,3BH
  413:	  033B	75 39 FD					MOV 39H,#LDD6
  414:	  033E	12 04 2B					LCALL DISPLAY_NUMBER
  415:	  0341	02 01 FC					LJMP INT_EX1_EXIT
  416:	  0344	D9 12		KEY5_R03:		DJNZ R1,KEY5_EXIT
  417:	  0346	85 3C 3D					MOV 3DH,3CH
  418:	  0349	12 03 86					LCALL BCDDEC
  419:	  034C	85 3D 3C					MOV 3CH,3DH
  420:	  034F	85 3C 38					MOV 38H,3CH
  421:	  0352	75 39 FD					MOV 39H,#LDD6
  422:	  0355	12 04 2B					LCALL DISPLAY_NUMBER
  423:	  0358	02 01 FC	KEY5_EXIT:		LJMP INT_EX1_EXIT
  424:
  425:	  035B	C0 E0		BCDINC:	PUSH ACC
  426:	  035D	E5 3D				MOV A,3DH

ASEM-51 V1.3                                         Copyright (c) 2002 by W.W. Heinz                                         PAGE 9



 Line  I  Addr  Code            Source

  427:	  035F	20 7F 10			JB 7FH,BCDINC_HIGH
  428:	  0362	54 0F				ANL A,#0FH
  429:	  0364	B4 09 06			CJNE A,#09H,BCDINC_LOW1
  430:	  0367	53 3D F0			ANL 3DH,#0F0H
  431:	  036A	02 03 83			LJMP BCDINC_EXIT
  432:	  036D			BCDINC_LOW1:
  433:	  036D	05 3D				INC 3DH
  434:	  036F	02 03 83			LJMP BCDINC_EXIT
  435:	  0372			BCDINC_HIGH:
  436:	  0372	54 F0				ANL A,#0F0H
  437:	  0374	B4 90 06			CJNE A,#90H,BCDINC_HIGH1
  438:	  0377	53 3D 0F			ANL 3DH,#0FH
  439:	  037A	02 03 83			LJMP BCDINC_EXIT
  440:	  037D			BCDINC_HIGH1:
  441:	  037D	E5 3D				MOV A,3DH
  442:	  037F	24 10				ADD A,#10H
  443:	  0381	F5 3D				MOV 3DH,A
  444:	  0383			BCDINC_EXIT:
  445:	  0383	D0 E0				POP ACC
  446:	  0385	22				RET
  447:
  448:	  0386	C0 E0		BCDDEC:	PUSH ACC
  449:	  0388	E5 3D				MOV A,3DH
  450:	  038A	20 7F 10			JB 7FH,BCDDEC_HIGH
  451:	  038D	54 0F				ANL A,#0FH
  452:	  038F	B4 00 06			CJNE A,#00H,BCDDEC_LOW1
  453:	  0392	43 3D 09			ORL 3DH,#09H
  454:	  0395	02 03 AE			LJMP BCDDEC_EXIT
  455:	  0398			BCDDEC_LOW1:
  456:	  0398	15 3D				DEC 3DH
  457:	  039A	02 03 AE			LJMP BCDDEC_EXIT
  458:	  039D			BCDDEC_HIGH:
  459:	  039D	54 F0				ANL A,#0F0H
  460:	  039F	B4 00 06			CJNE A,#00H,BCDDEC_HIGH1
  461:	  03A2	43 3D 90			ORL 3DH,#90H
  462:	  03A5	02 03 AE			LJMP BCDDEC_EXIT
  463:	  03A8			BCDDEC_HIGH1:
  464:	  03A8	E5 3D				MOV A,3DH
  465:	  03AA	94 10				SUBB A,#10H
  466:	  03AC	F5 3D				MOV 3DH,A
  467:	  03AE			BCDDEC_EXIT:
  468:	  03AE	D0 E0				POP ACC
  469:	  03B0	22				RET
  470:
  471:	  03B1			CLOSEDIG:				;根据选位标志，关闭某一位的现实，实现闪烁功能
  472:	  03B1	C0 E0				PUSH ACC
  473:	  03B3	E5 3E				MOV A,3EH
  474:	  03B5	20 7F 05			JB 7FH,CLOSEDIG_HIGH
  475:	  03B8	44 0F				ORL A,#0FH
  476:	  03BA	02 03 BF			LJMP CLOSEDIG_EXIT
  477:	  03BD			CLOSEDIG_HIGH:
  478:	  03BD	44 F0				ORL A,#0F0H
  479:	  03BF			CLOSEDIG_EXIT:
  480:	  03BF	F5 38				MOV 38H,A
  481:	  03C1	75 39 FD			MOV 39H,#LDD6
  482:	  03C4	12 04 2B			LCALL DISPLAY_NUMBER

ASEM-51 V1.3                                        Copyright (c) 2002 by W.W. Heinz                                         PAGE 10



 Line  I  Addr  Code            Source

  483:	  03C7	D0 E0				POP ACC
  484:	  03C9	22				RET
  485:				;-------------END OF 按键中断处理程序----------------
  486:
  487:	  03CA			HEX2BCD:			  ;将38H中的16进制数转为BCD码
  488:	  03CA	C0 E0				PUSH ACC
  489:	  03CC	E5 38				MOV A,38H
  490:	  03CE	75 F0 0A			MOV B,#10
  491:	  03D1	84				DIV AB
  492:	  03D2	C4				SWAP A
  493:	  03D3	45 F0				ORL A,B
  494:	  03D5	F5 38				MOV 38H,A
  495:	  03D7	D0 E0				POP ACC
  496:	  03D9	22				RET
  497:				;---------------------------
  498:	  03DA			GET_LIGHT_TIME:							;获取当前红灯时间子程序，存入30h和31
				h
  499:	  03DA	C0 83				PUSH DPH						;默认红灯时间大于3秒
  500:	  03DC	C0 82				PUSH DPL
  501:	  03DE	C0 E0				PUSH ACC
  502:	  03E0	C0 D0				PUSH PSW
  503:	  03E2	D2 D3				SETB RS0
  504:	  03E4	90 04 B8			MOV DPTR,#TAB_LIGHT_TIME ;读入信号灯延时信息,30H为红灯A，31H为红灯B
  505:	  03E7	E5 37				MOV A,37H
  506:	  03E9	23				RL A
  507:	  03EA	93				MOVC A,@A+DPTR
  508:	  03EB	F5 30				MOV 30H,A
  509:	  03ED	E5 37				MOV A,37H
  510:	  03EF	23				RL A
  511:	  03F0	04				INC A
  512:	  03F1	93				MOVC A,@A+DPTR
  513:	  03F2	F5 31				MOV 31H,A
  514:						;检查是否有用户自定义数据
  515:	  03F4	E5 37				MOV A,37H
  516:	  03F6	23				RL A
  517:	  03F7	24 50				ADD A,#50H
  518:	  03F9	F8				MOV R0,A
  519:	  03FA	04				INC A
  520:	  03FB	F9				MOV R1,A
  521:	  03FC	E6				MOV A,@R0
  522:	  03FD	47				ORL A,@R1
  523:	  03FE	60 12				JZ GET_LIGHT_TIME_EXIT ;若全为零，说明无用户定义数据，直接跳出
  524:	  0400	B6 00 04			CJNE @R0,#00H,GET_LIGHT_TIME_NEXT1
  525:	  0403	87 30				MOV 30H,@R1			   ;若只有一个为0，则使两路口数字相等
  526:	  0405	81 09				AJMP GET_LIGHT_TIME_NEXT2
  527:	  0407			GET_LIGHT_TIME_NEXT1:
  528:	  0407	86 30				MOV 30H,@R0
  529:	  0409			GET_LIGHT_TIME_NEXT2:
  530:	  0409	B7 00 04			CJNE @R1,#00H,GET_LIGHT_TIME_NEXT3
  531:	  040C	86 31				MOV 31H,@R0
  532:	  040E	81 12				AJMP GET_LIGHT_TIME_EXIT
  533:	  0410			GET_LIGHT_TIME_NEXT3:
  534:	  0410	87 31				MOV 31H,@R1
  535:	  0412			GET_LIGHT_TIME_EXIT:
  536:	  0412	C2 D3				CLR RS0
  537:	  0414	D0 D0				POP PSW

ASEM-51 V1.3                                        Copyright (c) 2002 by W.W. Heinz                                         PAGE 11



 Line  I  Addr  Code            Source

  538:	  0416	D0 E0				POP ACC
  539:	  0418	D0 82				POP DPL
  540:	  041A	D0 83				POP DPH
  541:	  041C	22				RET
  542:				;--------------------
  543:	  041D			CHANGE_LIGHT:				;开信号灯子程序
  544:	  041D	C0 83				PUSH DPH
  545:	  041F	C0 E0				PUSH ACC
  546:	  0421	75 83 FE			MOV DPH,#LED
  547:	  0424	E6				MOV A,@R0
  548:	  0425	F0				MOVX @DPTR,A
  549:	  0426	D0 E0				POP ACC
  550:	  0428	D0 83				POP DPH
  551:	  042A	22				RET
  552:				;-------------------------
  553:	  042B			DISPLAY_NUMBER:				;显示倒计时数字子程序，显示38H中的数字到39H指定的地址中 先显
				示低位，再显示高位
  554:	  042B	C0 E0				PUSH ACC
  555:	  042D	E5 38				MOV A,38H
  556:	  042F	53 38 0F			ANL 38H,#0FH
  557:	  0432	12 04 4F			LCALL GETDIGIT
  558:	  0435	85 39 83			MOV DPH,39H
  559:	  0438	12 04 64			LCALL DISDIGIT
  560:	  043B	C4				SWAP A
  561:	  043C	F5 38				MOV 38H,A
  562:	  043E	53 38 0F			ANL 38H,#0FH
  563:	  0441	12 04 4F			LCALL GETDIGIT
  564:	  0444	15 39				DEC 39H
  565:	  0446	85 39 83			MOV DPH,39H
  566:	  0449	12 04 64			LCALL DISDIGIT
  567:	  044C	D0 E0				POP ACC
  568:	  044E	22				RET
  569:				;-----------------------------
  570:	  044F			GETDIGIT:					;取段码子程序
  571:	  044F	C0 83				PUSH DPH
  572:	  0451	C0 82				PUSH DPL
  573:	  0453	C0 E0				PUSH ACC
  574:	  0455	90 04 A8			MOV DPTR,#DIGIT
  575:	  0458	E5 38				MOV A,38H
  576:	  045A	93				MOVC A,@A+DPTR
  577:	  045B	C5 38				XCH A,38H
  578:	  045D	D0 E0				POP ACC
  579:	  045F	D0 82				POP DPL
  580:	  0461	D0 83				POP DPH
  581:	  0463	22				RET
  582:				;--------------------------------
  583:	  0464			DISDIGIT:					;送数码管显示子程序
  584:	  0464	C0 E0				PUSH ACC
  585:	  0466	E5 38				MOV	A,38H
  586:	  0468	F0				MOVX @DPTR,A
  587:	  0469	D0 E0				POP ACC
  588:	  046B	22				RET
  589:				;------------------------------
  590:	  046C			SUBBCD:						;BCD码减一,对36H中的数做BCD码减1
  591:	  046C	C0 E0				PUSH ACC
  592:	  046E	C0 D0				PUSH PSW

ASEM-51 V1.3                                        Copyright (c) 2002 by W.W. Heinz                                         PAGE 12



 Line  I  Addr  Code            Source

  593:	  0470	15 36				DEC 36H
  594:	  0472	E5 36				MOV A,36H
  595:	  0474	54 0F				ANL A,#0FH
  596:	  0476	B4 0F 08			CJNE A,#0FH,SUBBCD_EXIT
  597:	  0479	C2 D7				CLR CY
  598:	  047B	E5 36				MOV A,36H
  599:	  047D	94 06				SUBB A,#06
  600:	  047F	F5 36				MOV 36H,A
  601:	  0481			SUBBCD_EXIT:
  602:	  0481	D0 D0				POP PSW
  603:	  0483	D0 E0				POP ACC
  604:	  0485	22				RET
  605:
  606:	  0486			DELAY10:
  607:	  0486	00				NOP
  608:	  0487	75 40 09			MOV 40H,#9
  609:	  048A	75 41 FF	DL10_1: MOV 41H,#255
  610:	  048D	00		DL10_2: NOP
  611:	  048E	00				NOP
  612:	  048F	D5 41 FB			DJNZ 41H,DL10_2
  613:	  0492	D5 40 F5			DJNZ 40H,DL10_1
  614:	  0495	00				NOP
  615:	  0496	22				RET
  616:
  617:	  0497			DELAY4ms5:
  618:	  0497	75 40 04			MOV 40H,#4
  619:	  049A	75 41 D2	DL45_1: MOV 41H,#210
  620:	  049D	00		DL45_2: NOP
  621:	  049E	00				NOP
  622:	  049F	00				NOP
  623:	  04A0	D5 41 FA			DJNZ 41H,DL45_2
  624:	  04A3	D5 40 F4			DJNZ 40H,DL45_1
  625:	  04A6	00				NOP
  626:	  04A7	22				RET
  627:				;;------------TABLES----------------
  628:	  04A8			DIGIT:							;LED数码管段码表
  629:	  04A8	3F 06 5B 4F			DB 3FH,06H,5BH,4FH,66H
	  04AC	66
  630:	  04AD	6D 7D 07 7F			DB 6DH,7DH,07H,7FH,6FH
	  04B1	6F
  631:	  04B2	77 7C 39 5E			DB 77H,7CH,39H,5EH,79H,00H
	  04B6	79 00
  632:	  04B8			TAB_LIGHT_TIME:  				;预设的信号灯时间常数，共24行，48个值
  633:	  04B8	03 04				DB 03H, 04H
  634:	  04BA	04 05				DB 04H, 05H
  635:	  04BC	05 06				DB 05H, 06H
  636:	  04BE	06 07				DB 06H, 07H
  637:	  04C0	07 08				DB 07H, 08H
  638:	  04C2	08 09				DB 08H, 09H
  639:	  04C4	09 10				DB 09H, 10H
  640:	  04C6	10 11				DB 10H, 11H
  641:	  04C8	11 12				DB 11H, 12H
  642:	  04CA	12 13				DB 12H, 13H
  643:	  04CC	13 14				DB 13H, 14H
  644:	  04CE	14 15				DB 14H, 15H
  645:	  04D0	15 16				DB 15H, 16H

ASEM-51 V1.3                                        Copyright (c) 2002 by W.W. Heinz                                         PAGE 13



 Line  I  Addr  Code            Source

  646:	  04D2	16 17				DB 16H, 17H
  647:	  04D4	17 18				DB 17H, 18H
  648:	  04D6	18 19				DB 18H, 19H
  649:	  04D8	19 20				DB 19H, 20H
  650:	  04DA	20 21				DB 20H, 21H
  651:	  04DC	21 22				DB 21H, 22H
  652:	  04DE	22 23				DB 22H, 23H
  653:	  04E0	23 24				DB 23H, 24H
  654:	  04E2	24 25				DB 24H, 25H
  655:	  04E4	25 26				DB 25H, 26H
  656:	  04E6	26 27				DB 26H, 27H
  657:				;----------- END --------------------
  658:				END





                     register banks used:  ---

                     no errors




ASEM-51 V1.3                                        Copyright (c) 2002 by W.W. Heinz                                         PAGE 14





	       L I S T   O F   S Y M B O L S
	       =============================


SYMBOL				  TYPE     VALUE	LINE
------------------------------------------------------------
??ASEM_51			  NUMBER    8051
??VERSION			  NUMBER    0130
AC				  BIT	      D6
ACC				  DATA	      E0
B				  DATA	      F0
BCDDEC				  CODE	    0386	 448
BCDDEC_EXIT			  CODE	    03AE	 467
BCDDEC_HIGH			  CODE	    039D	 458
BCDDEC_HIGH1			  CODE	    03A8	 463
BCDDEC_LOW1			  CODE	    0398	 455
BCDINC				  CODE	    035B	 425
BCDINC_EXIT			  CODE	    0383	 444
BCDINC_HIGH			  CODE	    0372	 435
BCDINC_HIGH1			  CODE	    037D	 440
BCDINC_LOW1			  CODE	    036D	 432
CHANGE_LIGHT			  CODE	    041D	 543
CLOSEDIG			  CODE	    03B1	 471
CLOSEDIG_EXIT			  CODE	    03BF	 479
CLOSEDIG_HIGH			  CODE	    03BD	 477
CY				  BIT	      D7
DELAY10				  CODE	    0486	 606
DELAY4MS5			  CODE	    0497	 617
DIGIT				  CODE	    04A8	 628
DISDIGIT			  CODE	    0464	 583
DISPLAY_NUMBER			  CODE	    042B	 553
DL10_1				  CODE	    048A	 609
DL10_2				  CODE	    048D	 610
DL45_1				  CODE	    049A	 619
DL45_2				  CODE	    049D	 620
DPH				  DATA	      83
DPL				  DATA	      82
EA				  BIT	      AF
ES				  BIT	      AC
ET0				  BIT	      A9
ET1				  BIT	      AB
EX0				  BIT	      A8
EX1				  BIT	      AA
EXTI0				  CODE	    0003
EXTI1				  CODE	    0013
F0				  BIT	      D5
GETDIGIT			  CODE	    044F	 570
GET_LIGHT_TIME			  CODE	    03DA	 498
GET_LIGHT_TIME_EXIT		  CODE	    0412	 535
GET_LIGHT_TIME_NEXT1		  CODE	    0407	 527
GET_LIGHT_TIME_NEXT2		  CODE	    0409	 529
GET_LIGHT_TIME_NEXT3		  CODE	    0410	 533
G_R1				  NUMBER    000C	  40
HEX2BCD				  CODE	    03CA	 487
IE				  DATA	      A8
IE0				  BIT	      89

ASEM-51 V1.3                                        Copyright (c) 2002 by W.W. Heinz                                         PAGE 15



SYMBOL				  TYPE     VALUE	LINE
------------------------------------------------------------
IE1				  BIT	      8B
INT0				  BIT	      B2
INT1				  BIT	      B3
INT_C1				  CODE	    00A7	 104
INT_C1_BLINK			  CODE	    00AE	 108
INT_C1_BLINK_EXIT		  CODE	    00C9	 122
INT_C1_BLINK_RED		  CODE	    00C3	 119
INT_C1_EXIT			  CODE	    0146	 182
INT_C1_EXIT0			  CODE	    0183	 210
INT_C1_EXIT00			  CODE	    0171	 201
INT_C1_EXIT1			  CODE	    0186	 212
INT_C1_NEXT0			  CODE	    011A	 159
INT_C1_NEXT1			  CODE	    0133	 170
INT_C1_NEXT2			  CODE	    013D	 176
INT_C1_NORMAL			  CODE	    00CC	 124
INT_C1_NORMAL1			  CODE	    00ED	 140
INT_C1_REVERSEDISPLAY		  CODE	    0161	 194
INT_C1_UNBLINK_RED		  CODE	    00E4	 136
INT_EX0				  CODE	    0189	 216
INT_EX0_EXIT			  CODE	    01B9	 237
INT_EX0_EXIT0			  CODE	    01BB	 239
INT_EX0_EXIT1			  CODE	    01C1	 242
INT_EX0_NEXT1			  CODE	    0193	 221
INT_EX0_NEXT2			  CODE	    0199	 223
INT_EX0_NEXT3			  CODE	    019F	 225
INT_EX0_SHOOT1			  CODE	    01A2	 226
INT_EX0_SHOOT11			  CODE	    01A7	 228
INT_EX0_SHOOT2			  CODE	    01AF	 232
INT_EX0_SHOOT22			  CODE	    01B4	 234
INT_EX1				  CODE	    01C7	 247
INT_EX1_EXIT			  CODE	    01FC	 269
INT_EX1_EXIT_1			  CODE	    0209	 276
INT_TO				  CODE	    0096	  94
IP				  DATA	      B8
IT0				  BIT	      88
IT1				  BIT	      8A
KEY01				  CODE	    01ED	 264
KEY02				  CODE	    01F0	 265
KEY03				  CODE	    01F3	 266
KEY04				  CODE	    01F6	 267
KEY05				  CODE	    01F9	 268
KEY1				  CODE	    020E	 281
KEY1_NEXT1			  CODE	    0225	 290
KEY2				  CODE	    023C	 300
KEY2_R01			  CODE	    0244	 305
KEY2_R02			  CODE	    0249	 307
KEY2_R03			  CODE	    024E	 309
KEY2_R1				  CODE	    0253	 311
KEY2_R2				  CODE	    0260	 317
KEY2_R3				  CODE	    026D	 323
KEY2_R3_EXIT			  CODE	    02B1	 356
KEY2_R3_NEXT1			  CODE	    028D	 338
KEY2_R3_NEXT2			  CODE	    029C	 346
KEY3				  CODE	    02B4	 359
KEY4				  CODE	    02B9	 362
KEY4_EXIT			  CODE	    0307	 392

ASEM-51 V1.3                                        Copyright (c) 2002 by W.W. Heinz                                         PAGE 16



SYMBOL				  TYPE     VALUE	LINE
------------------------------------------------------------
KEY4_R01			  CODE	    02C1	 367
KEY4_R01_NEXT			  CODE	    02CD	 372
KEY4_R02			  CODE	    02DC	 377
KEY4_R03			  CODE	    02F3	 385
KEY5				  CODE	    030A	 394
KEY5_EXIT			  CODE	    0358	 423
KEY5_R01			  CODE	    0312	 398
KEY5_R01_NEXT			  CODE	    031C	 402
KEY5_R02			  CODE	    032D	 408
KEY5_R03			  CODE	    0344	 416
LDD1				  NUMBER    00F8	  33
LDD2				  NUMBER    00F9	  34
LDD3				  NUMBER    00FA	  35
LDD4				  NUMBER    00FB	  36
LDD5				  NUMBER    00FC	  37
LDD6				  NUMBER    00FD	  38
LED				  NUMBER    00FE	  39
MAIN				  CODE	    0030	  49
MINS_PER_HOUR			  NUMBER    0005	  45
OV				  BIT	      D2
P				  BIT	      D0
P0				  DATA	      80
P1				  DATA	      90
P2				  DATA	      A0
P3				  DATA	      B0
PCON				  DATA	      87
PS				  BIT	      BC
PSW				  DATA	      D0
PT0				  BIT	      B9
PT1				  BIT	      BB
PX0				  BIT	      B8
PX1				  BIT	      BA
RB8				  BIT	      9A
RD				  BIT	      B7
REN				  BIT	      9C
RESET				  CODE	    0000
RI				  BIT	      98
RS0				  BIT	      D3
RS1				  BIT	      D4
RXD				  BIT	      B0
R_G3				  NUMBER    0021	  42
R_Y4				  NUMBER    0011	  43
SBUF				  DATA	      99
SCON				  DATA	      98
SECS_PER_MIN			  NUMBER    0004	  44
SINT				  CODE	    0023
SM0				  BIT	      9F
SM1				  BIT	      9E
SM2				  BIT	      9D
SP				  DATA	      81
SUBBCD				  CODE	    046C	 590
SUBBCD_EXIT			  CODE	    0481	 601
T0				  BIT	      B4
T1				  BIT	      B5
TAB_LIGHT_TIME			  CODE	    04B8	 632
TB8				  BIT	      9B

ASEM-51 V1.3                                        Copyright (c) 2002 by W.W. Heinz                                         PAGE 17



SYMBOL				  TYPE     VALUE	LINE
------------------------------------------------------------
TCON				  DATA	      88
TF0				  BIT	      8D
TF1				  BIT	      8F
TH0				  DATA	      8C
TH1				  DATA	      8D
TI				  BIT	      99
TIMER0				  CODE	    000B
TIMER1				  CODE	    001B
TL0				  DATA	      8A
TL1				  DATA	      8B
TMOD				  DATA	      89
TR0				  BIT	      8C
TR1				  BIT	      8E
TXD				  BIT	      B1
WR				  BIT	      B6
Y_R2				  NUMBER    000A	  41
